 error: CastError: Cast to ObjectId failed for value "ti6yyjtcurjyc86r692fja2ho.46.06.mp4" (type string) at path "videoid" for model "like"
    at SchemaObjectId.cast (C:\Users\DELL\Downloads\youtube-clone-main (1)\youtube-clone-main\server\node_modules\mongoose\lib\schema\objectId.js:251:11)
    at SchemaType.applySetters (C:\Users\DELL\Downloads\youtube-clone-main (1)\youtube-clone-main\server\node_modules\mongoose\lib\schemaType.js:1255:12)
    at SchemaType.castForQuery (C:\Users\DELL\Downloads\youtube-clone-main (1)\youtube-clone-main\server\node_modules\mongoose\lib\schemaType.js:1673:17)
    at cast (C:\Users\DELL\Downloads\youtube-clone-main (1)\youtube-clone-main\server\node_modules\mongoose\lib\cast.js:390:32)
    at Query.cast (C:\Users\DELL\Downloads\youtube-clone-main (1)\youtube-clone-main\server\node_modules\mongoose\lib\query.js:5055:12)
    at Query._castConditions (C:\Users\DELL\Downloads\youtube-clone-main (1)\youtube-clone-main\server\node_modules\mongoose\lib\query.js:2351:10)
    at model.Query._findOne (C:\Users\DELL\Downloads\youtube-clone-main (1)\youtube-clone-main\server\node_modules\mongoose\lib\query.js:2674:8)
    at model.Query.exec (C:\Users\DELL\Downloads\youtube-clone-main (1)\youtube-clone-main\server\node_modules\mongoose\lib\query.js:4604:80)
    at process.processTicksAndRejections (node:internal/process/task_queues:104:5)
    at async handlelike (file:///C:/Users/DELL/Downloads/youtube-clone-main%20(1)/youtube-clone-main/server/controllers/like.js:8:27) {
  stringValue: '"ti6yyjtcurjyc86r692fja2ho.46.06.mp4"',
  messageFormat: undefined,
  kind: 'ObjectId',
  value: 'ti6yyjtcurjyc86r692fja2ho.46.06.mp4',
  path: 'videoid',
  reason: BSONError: input must be a 24 character hex string, 12 byte Uint8Array, or an integer
      at new ObjectId (C:\Users\DELL\Downloads\youtube-clone-main (1)\youtube-clone-main\server\node_modules\bson\lib\bson.cjs:2538:23)
      at castObjectId (C:\Users\DELL\Downloads\youtube-clone-main (1)\youtube-clone-main\server\node_modules\mongoose\lib\cast\objectid.js:25:12)
      at SchemaObjectId.cast (C:\Users\DELL\Downloads\youtube-clone-main (1)\youtube-clone-main\server\node_modules\mongoose\lib\schema\objectId.js:249:12)
      at SchemaType.applySetters (C:\Users\DELL\Downloads\youtube-clone-main (1)\youtube-clone-main\server\node_modules\mongoose\lib\schemaType.js:1255:12)
      at SchemaType.castForQuery (C:\Users\DELL\Downloads\youtube-clone-main (1)\youtube-clone-main\server\node_modules\mongoose\lib\schemaType.js:1673:17)
      at cast (C:\Users\DELL\Downloads\youtube-clone-main (1)\youtube-clone-main\server\node_modules\mongoose\lib\cast.js:390:32)
      at Query.cast (C:\Users\DELL\Downloads\youtube-clone-main (1)\youtube-clone-main\server\node_modules\mongoose\lib\query.js:5055:12)
      at Query._castConditions (C:\Users\DELL\Downloads\youtube-clone-main (1)\youtube-clone-main\server\node_modules\mongoose\lib\query.js:2351:10)
      at model.Query._findOne (C:\Users\DELL\Downloads\youtube-clone-main (1)\youtube-clone-main\server\node_modules\mongoose\lib\query.js:2674:8)
      at model.Query.exec (C:\Users\DELL\Downloads\youtube-clone-main (1)\youtube-clone-main\server\node_modules\mongoose\lib\query.js:4604:80),
  valueType: 'string'
}
 error: CastError: Cast to ObjectId failed for value "ti6yyjtcurjyc86r692fja2ho.46.06.mp4" (type string) at path "videoid" for model "watchlater"
    at SchemaObjectId.cast (C:\Users\DELL\Downloads\youtube-clone-main (1)\youtube-clone-main\server\node_modules\mongoose\lib\schema\objectId.js:251:11)
    at SchemaType.applySetters (C:\Users\DELL\Downloads\youtube-clone-main (1)\youtube-clone-main\server\node_modules\mongoose\lib\schemaType.js:1255:12)
    at SchemaType.castForQuery (C:\Users\DELL\Downloads\youtube-clone-main (1)\youtube-clone-main\server\node_modules\mongoose\lib\schemaType.js:1673:17)
    at cast (C:\Users\DELL\Downloads\youtube-clone-main (1)\youtube-clone-main\server\node_modules\mongoose\lib\cast.js:390:32)
    at Query.cast (C:\Users\DELL\Downloads\youtube-clone-main (1)\youtube-clone-main\server\node_modules\mongoose\lib\query.js:5055:12)
    at Query._castConditions (C:\Users\DELL\Downloads\youtube-clone-main (1)\youtube-clone-main\server\node_modules\mongoose\lib\query.js:2351:10)
    at model.Query._findOne (C:\Users\DELL\Downloads\youtube-clone-main (1)\youtube-clone-main\server\node_modules\mongoose\lib\query.js:2674:8)
    at model.Query.exec (C:\Users\DELL\Downloads\youtube-clone-main (1)\youtube-clone-main\server\node_modules\mongoose\lib\query.js:4604:80)
    at process.processTicksAndRejections (node:internal/process/task_queues:104:5)
    at async handlewatchlater (file:///C:/Users/DELL/Downloads/youtube-clone-main%20(1)/youtube-clone-main/server/controllers/watchlater.js:7:33) {
  stringValue: '"ti6yyjtcurjyc86r692fja2ho.46.06.mp4"',
  messageFormat: undefined,
  kind: 'ObjectId',
  value: 'ti6yyjtcurjyc86r692fja2ho.46.06.mp4',
  path: 'videoid',
  reason: BSONError: input must be a 24 character hex string, 12 byte Uint8Array, or an integer
      at new ObjectId (C:\Users\DELL\Downloads\youtube-clone-main (1)\youtube-clone-main\server\node_modules\bson\lib\bson.cjs:2538:23)
      at castObjectId (C:\Users\DELL\Downloads\youtube-clone-main (1)\youtube-clone-main\server\node_modules\mongoose\lib\cast\objectid.js:25:12)
      at SchemaObjectId.cast (C:\Users\DELL\Downloads\youtube-clone-main (1)\youtube-clone-main\server\node_modules\mongoose\lib\schema\objectId.js:249:12)
      at SchemaType.applySetters (C:\Users\DELL\Downloads\youtube-clone-main (1)\youtube-clone-main\server\node_modules\mongoose\lib\schemaType.js:1255:12)
      at SchemaType.castForQuery (C:\Users\DELL\Downloads\youtube-clone-main (1)\youtube-clone-main\server\node_modules\mongoose\lib\schemaType.js:1673:17)
      at cast (C:\Users\DELL\Downloads\youtube-clone-main (1)\youtube-clone-main\server\node_modules\mongoose\lib\cast.js:390:32)
      at Query.cast (C:\Users\DELL\Downloads\youtube-clone-main (1)\youtube-clone-main\server\node_modules\mongoose\lib\query.js:5055:12)
      at Query._castConditions (C:\Users\DELL\Downloads\youtube-clone-main (1)\youtube-clone-main\server\node_modules\mongoose\lib\query.js:2351:10)
      at model.Query._findOne (C:\Users\DELL\Downloads\youtube-clone-main (1)\youtube-clone-main\server\node_modules\mongoose\lib\query.js:2674:8)
      at model.Query.exec (C:\Users\DELL\Downloads\youtube-clone-main (1)\youtube-clone-main\server\node_modules\mongoose\lib\query.js:4604:80),
  valueType: 'string'
}
 error: CastError: Cast to ObjectId failed for value "xobloma98fg3ka8nlqma32095.46.06.mp4" (type string) at path "videoid" for model "like"
    at SchemaObjectId.cast (C:\Users\DELL\Downloads\youtube-clone-main (1)\youtube-clone-main\server\node_modules\mongoose\lib\schema\objectId.js:251:11)
    at SchemaType.applySetters (C:\Users\DELL\Downloads\youtube-clone-main (1)\youtube-clone-main\server\node_modules\mongoose\lib\schemaType.js:1255:12)
    at SchemaType.castForQuery (C:\Users\DELL\Downloads\youtube-clone-main (1)\youtube-clone-main\server\node_modules\mongoose\lib\schemaType.js:1673:17)
    at cast (C:\Users\DELL\Downloads\youtube-clone-main (1)\youtube-clone-main\server\node_modules\mongoose\lib\cast.js:390:32)
    at Query.cast (C:\Users\DELL\Downloads\youtube-clone-main (1)\youtube-clone-main\server\node_modules\mongoose\lib\query.js:5055:12)
    at Query._castConditions (C:\Users\DELL\Downloads\youtube-clone-main (1)\youtube-clone-main\server\node_modules\mongoose\lib\query.js:2351:10)
    at model.Query._findOne (C:\Users\DELL\Downloads\youtube-clone-main (1)\youtube-clone-main\server\node_modules\mongoose\lib\query.js:2674:8)
    at model.Query.exec (C:\Users\DELL\Downloads\youtube-clone-main (1)\youtube-clone-main\server\node_modules\mongoose\lib\query.js:4604:80)
    at process.processTicksAndRejections (node:internal/process/task_queues:104:5)
    at async handlelike (file:///C:/Users/DELL/Downloads/youtube-clone-main%20(1)/youtube-clone-main/server/controllers/like.js:8:27) {
  stringValue: '"xobloma98fg3ka8nlqma32095.46.06.mp4"',
  messageFormat: undefined,
  kind: 'ObjectId',
  value: 'xobloma98fg3ka8nlqma32095.46.06.mp4',
  path: 'videoid',
  reason: BSONError: input must be a 24 character hex string, 12 byte Uint8Array, or an integer
      at new ObjectId (C:\Users\DELL\Downloads\youtube-clone-main (1)\youtube-clone-main\server\node_modules\bson\lib\bson.cjs:2538:23)
      at castObjectId (C:\Users\DELL\Downloads\youtube-clone-main (1)\youtube-clone-main\server\node_modules\mongoose\lib\cast\objectid.js:25:12)
      at SchemaObjectId.cast (C:\Users\DELL\Downloads\youtube-clone-main (1)\youtube-clone-main\server\node_modules\mongoose\lib\schema\objectId.js:249:12)
      at SchemaType.applySetters (C:\Users\DELL\Downloads\youtube-clone-main (1)\youtube-clone-main\server\node_modules\mongoose\lib\schemaType.js:1255:12)
      at SchemaType.castForQuery (C:\Users\DELL\Downloads\youtube-clone-main (1)\youtube-clone-main\server\node_modules\mongoose\lib\schemaType.js:1673:17)
      at cast (C:\Users\DELL\Downloads\youtube-clone-main (1)\youtube-clone-main\server\node_modules\mongoose\lib\cast.js:390:32)
      at Query.cast (C:\Users\DELL\Downloads\youtube-clone-main (1)\youtube-clone-main\server\node_modules\mongoose\lib\query.js:5055:12)
      at Query._castConditions (C:\Users\DELL\Downloads\youtube-clone-main (1)\youtube-clone-main\server\node_modules\mongoose\lib\query.js:2351:10)
      at model.Query._findOne (C:\Users\DELL\Downloads\youtube-clone-main (1)\youtube-clone-main\server\node_modules\mongoose\lib\query.js:2674:8)
      at model.Query.exec (C:\Users\DELL\Downloads\youtube-clone-main (1)\youtube-clone-main\server\node_modules\mongoose\lib\query.js:4604:80),
  valueType: 'string'
}
 error: CastError: Cast to ObjectId failed for value "xobloma98fg3ka8nlqma32095.46.06.mp4" (type string) at path "videoid" for model "like"
    at SchemaObjectId.cast (C:\Users\DELL\Downloads\youtube-clone-main (1)\youtube-clone-main\server\node_modules\mongoose\lib\schema\objectId.js:251:11)
    at SchemaType.applySetters (C:\Users\DELL\Downloads\youtube-clone-main (1)\youtube-clone-main\server\node_modules\mongoose\lib\schemaType.js:1255:12)
    at SchemaType.castForQuery (C:\Users\DELL\Downloads\youtube-clone-main (1)\youtube-clone-main\server\node_modules\mongoose\lib\schemaType.js:1673:17)
    at cast (C:\Users\DELL\Downloads\youtube-clone-main (1)\youtube-clone-main\server\node_modules\mongoose\lib\cast.js:390:32)
    at Query.cast (C:\Users\DELL\Downloads\youtube-clone-main (1)\youtube-clone-main\server\node_modules\mongoose\lib\query.js:5055:12)
    at Query._castConditions (C:\Users\DELL\Downloads\youtube-clone-main (1)\youtube-clone-main\server\node_modules\mongoose\lib\query.js:2351:10)
    at model.Query._findOne (C:\Users\DELL\Downloads\youtube-clone-main (1)\youtube-clone-main\server\node_modules\mongoose\lib\query.js:2674:8)
    at model.Query.exec (C:\Users\DELL\Downloads\youtube-clone-main (1)\youtube-clone-main\server\node_modules\mongoose\lib\query.js:4604:80)
    at process.processTicksAndRejections (node:internal/process/task_queues:104:5)
    at async handlelike (file:///C:/Users/DELL/Downloads/youtube-clone-main%20(1)/youtube-clone-main/server/controllers/like.js:8:27) {
  stringValue: '"xobloma98fg3ka8nlqma32095.46.06.mp4"',
  messageFormat: undefined,
  kind: 'ObjectId',
  value: 'xobloma98fg3ka8nlqma32095.46.06.mp4',
  path: 'videoid',
  reason: BSONError: input must be a 24 character hex string, 12 byte Uint8Array, or an integer
      at new ObjectId (C:\Users\DELL\Downloads\youtube-clone-main (1)\youtube-clone-main\server\node_modules\bson\lib\bson.cjs:2538:23)
      at castObjectId (C:\Users\DELL\Downloads\youtube-clone-main (1)\youtube-clone-main\server\node_modules\mongoose\lib\cast\objectid.js:25:12)
      at SchemaObjectId.cast (C:\Users\DELL\Downloads\youtube-clone-main (1)\youtube-clone-main\server\node_modules\mongoose\lib\schema\objectId.js:249:12)
      at SchemaType.applySetters (C:\Users\DELL\Downloads\youtube-clone-main (1)\youtube-clone-main\server\node_modules\mongoose\lib\schemaType.js:1255:12)
      at SchemaType.castForQuery (C:\Users\DELL\Downloads\youtube-clone-main (1)\youtube-clone-main\server\node_modules\mongoose\lib\schemaType.js:1673:17)
      at cast (C:\Users\DELL\Downloads\youtube-clone-main (1)\youtube-clone-main\server\node_modules\mongoose\lib\cast.js:390:32)
      at Query.cast (C:\Users\DELL\Downloads\youtube-clone-main (1)\youtube-clone-main\server\node_modules\mongoose\lib\query.js:5055:12)
      at Query._castConditions (C:\Users\DELL\Downloads\youtube-clone-main (1)\youtube-clone-main\server\node_modules\mongoose\lib\query.js:2351:10)
      at model.Query._findOne (C:\Users\DELL\Downloads\youtube-clone-main (1)\youtube-clone-main\server\node_modules\mongoose\lib\query.js:2674:8)
      at model.Query.exec (C:\Users\DELL\Downloads\youtube-clone-main (1)\youtube-clone-main\server\node_modules\mongoose\lib\query.js:4604:80),
  valueType: 'string'
}
 error: CastError: Cast to ObjectId failed for value "xobloma98fg3ka8nlqma32095.46.06.mp4" (type string) at path "videoid" for model "like"
    at SchemaObjectId.cast (C:\Users\DELL\Downloads\youtube-clone-main (1)\youtube-clone-main\server\node_modules\mongoose\lib\schema\objectId.js:251:11)
    at SchemaType.applySetters (C:\Users\DELL\Downloads\youtube-clone-main (1)\youtube-clone-main\server\node_modules\mongoose\lib\schemaType.js:1255:12)
    at SchemaType.castForQuery (C:\Users\DELL\Downloads\youtube-clone-main (1)\youtube-clone-main\server\node_modules\mongoose\lib\schemaType.js:1673:17)
    at cast (C:\Users\DELL\Downloads\youtube-clone-main (1)\youtube-clone-main\server\node_modules\mongoose\lib\cast.js:390:32)
    at Query.cast (C:\Users\DELL\Downloads\youtube-clone-main (1)\youtube-clone-main\server\node_modules\mongoose\lib\query.js:5055:12)
    at Query._castConditions (C:\Users\DELL\Downloads\youtube-clone-main (1)\youtube-clone-main\server\node_modules\mongoose\lib\query.js:2351:10)
    at model.Query._findOne (C:\Users\DELL\Downloads\youtube-clone-main (1)\youtube-clone-main\server\node_modules\mongoose\lib\query.js:2674:8)
    at model.Query.exec (C:\Users\DELL\Downloads\youtube-clone-main (1)\youtube-clone-main\server\node_modules\mongoose\lib\query.js:4604:80)
    at process.processTicksAndRejections (node:internal/process/task_queues:104:5)
    at async handlelike (file:///C:/Users/DELL/Downloads/youtube-clone-main%20(1)/youtube-clone-main/server/controllers/like.js:8:27) {
  stringValue: '"xobloma98fg3ka8nlqma32095.46.06.mp4"',
  messageFormat: undefined,
  kind: 'ObjectId',
  value: 'xobloma98fg3ka8nlqma32095.46.06.mp4',
  path: 'videoid',
  reason: BSONError: input must be a 24 character hex string, 12 byte Uint8Array, or an integer
      at new ObjectId (C:\Users\DELL\Downloads\youtube-clone-main (1)\youtube-clone-main\server\node_modules\bson\lib\bson.cjs:2538:23)
      at castObjectId (C:\Users\DELL\Downloads\youtube-clone-main (1)\youtube-clone-main\server\node_modules\mongoose\lib\cast\objectid.js:25:12)
      at SchemaObjectId.cast (C:\Users\DELL\Downloads\youtube-clone-main (1)\youtube-clone-main\server\node_modules\mongoose\lib\schema\objectId.js:249:12)
      at SchemaType.applySetters (C:\Users\DELL\Downloads\youtube-clone-main (1)\youtube-clone-main\server\node_modules\mongoose\lib\schemaType.js:1255:12)
      at SchemaType.castForQuery (C:\Users\DELL\Downloads\youtube-clone-main (1)\youtube-clone-main\server\node_modules\mongoose\lib\schemaType.js:1673:17)
      at cast (C:\Users\DELL\Downloads\youtube-clone-main (1)\youtube-clone-main\server\node_modules\mongoose\lib\cast.js:390:32)
      at Query.cast (C:\Users\DELL\Downloads\youtube-clone-main (1)\youtube-clone-main\server\node_modules\mongoose\lib\query.js:5055:12)
      at Query._castConditions (C:\Users\DELL\Downloads\youtube-clone-main (1)\youtube-clone-main\server\node_modules\mongoose\lib\query.js:2351:10)
      at model.Query._findOne (C:\Users\DELL\Downloads\youtube-clone-main (1)\youtube-clone-main\server\node_modules\mongoose\lib\query.js:2674:8)
      at model.Query.exec (C:\Users\DELL\Downloads\youtube-clone-main (1)\youtube-clone-main\server\node_modules\mongoose\lib\query.js:4604:80),
  valueType: 'string'
}
 error: CastError: Cast to ObjectId failed for value "xobloma98fg3ka8nlqma32095.46.06.mp4" (type string) at path "videoid" for model "like"
    at SchemaObjectId.cast (C:\Users\DELL\Downloads\youtube-clone-main (1)\youtube-clone-main\server\node_modules\mongoose\lib\schema\objectId.js:251:11)
    at SchemaType.applySetters (C:\Users\DELL\Downloads\youtube-clone-main (1)\youtube-clone-main\server\node_modules\mongoose\lib\schemaType.js:1255:12)
    at SchemaType.castForQuery (C:\Users\DELL\Downloads\youtube-clone-main (1)\youtube-clone-main\server\node_modules\mongoose\lib\schemaType.js:1673:17)
    at cast (C:\Users\DELL\Downloads\youtube-clone-main (1)\youtube-clone-main\server\node_modules\mongoose\lib\cast.js:390:32)
    at Query.cast (C:\Users\DELL\Downloads\youtube-clone-main (1)\youtube-clone-main\server\node_modules\mongoose\lib\query.js:5055:12)
    at Query._castConditions (C:\Users\DELL\Downloads\youtube-clone-main (1)\youtube-clone-main\server\node_modules\mongoose\lib\query.js:2351:10)
    at model.Query._findOne (C:\Users\DELL\Downloads\youtube-clone-main (1)\youtube-clone-main\server\node_modules\mongoose\lib\query.js:2674:8)
    at model.Query.exec (C:\Users\DELL\Downloads\youtube-clone-main (1)\youtube-clone-main\server\node_modules\mongoose\lib\query.js:4604:80)
    at process.processTicksAndRejections (node:internal/process/task_queues:104:5)
    at async handlelike (file:///C:/Users/DELL/Downloads/youtube-clone-main%20(1)/youtube-clone-main/server/controllers/like.js:8:27) {
  stringValue: '"xobloma98fg3ka8nlqma32095.46.06.mp4"',
  messageFormat: undefined,
  kind: 'ObjectId',
  value: 'xobloma98fg3ka8nlqma32095.46.06.mp4',
  path: 'videoid',
  reason: BSONError: input must be a 24 character hex string, 12 byte Uint8Array, or an integer
      at new ObjectId (C:\Users\DELL\Downloads\youtube-clone-main (1)\youtube-clone-main\server\node_modules\bson\lib\bson.cjs:2538:23)
      at castObjectId (C:\Users\DELL\Downloads\youtube-clone-main (1)\youtube-clone-main\server\node_modules\mongoose\lib\cast\objectid.js:25:12)
      at SchemaObjectId.cast (C:\Users\DELL\Downloads\youtube-clone-main (1)\youtube-clone-main\server\node_modules\mongoose\lib\schema\objectId.js:249:12)
      at SchemaType.applySetters (C:\Users\DELL\Downloads\youtube-clone-main (1)\youtube-clone-main\server\node_modules\mongoose\lib\schemaType.js:1255:12)
      at SchemaType.castForQuery (C:\Users\DELL\Downloads\youtube-clone-main (1)\youtube-clone-main\server\node_modules\mongoose\lib\schemaType.js:1673:17)
      at cast (C:\Users\DELL\Downloads\youtube-clone-main (1)\youtube-clone-main\server\node_modules\mongoose\lib\cast.js:390:32)
      at Query.cast (C:\Users\DELL\Downloads\youtube-clone-main (1)\youtube-clone-main\server\node_modules\mongoose\lib\query.js:5055:12)
      at Query._castConditions (C:\Users\DELL\Downloads\youtube-clone-main (1)\youtube-clone-main\server\node_modules\mongoose\lib\query.js:2351:10)
      at model.Query._findOne (C:\Users\DELL\Downloads\youtube-clone-main (1)\youtube-clone-main\server\node_modules\mongoose\lib\query.js:2674:8)
      at model.Query.exec (C:\Users\DELL\Downloads\youtube-clone-main (1)\youtube-clone-main\server\node_modules\mongoose\lib\query.js:4604:80),
  valueType: 'string'
}
 error: CastError: Cast to ObjectId failed for value "xobloma98fg3ka8nlqma32095.46.06.mp4" (type string) at path "videoid" for model "watchlater"
    at SchemaObjectId.cast (C:\Users\DELL\Downloads\youtube-clone-main (1)\youtube-clone-main\server\node_modules\mongoose\lib\schema\objectId.js:251:11)
    at SchemaType.applySetters (C:\Users\DELL\Downloads\youtube-clone-main (1)\youtube-clone-main\server\node_modules\mongoose\lib\schemaType.js:1255:12)
    at SchemaType.castForQuery (C:\Users\DELL\Downloads\youtube-clone-main (1)\youtube-clone-main\server\node_modules\mongoose\lib\schemaType.js:1673:17)
    at cast (C:\Users\DELL\Downloads\youtube-clone-main (1)\youtube-clone-main\server\node_modules\mongoose\lib\cast.js:390:32)
    at Query.cast (C:\Users\DELL\Downloads\youtube-clone-main (1)\youtube-clone-main\server\node_modules\mongoose\lib\query.js:5055:12)
    at Query._castConditions (C:\Users\DELL\Downloads\youtube-clone-main (1)\youtube-clone-main\server\node_modules\mongoose\lib\query.js:2351:10)
    at model.Query._findOne (C:\Users\DELL\Downloads\youtube-clone-main (1)\youtube-clone-main\server\node_modules\mongoose\lib\query.js:2674:8)
    at model.Query.exec (C:\Users\DELL\Downloads\youtube-clone-main (1)\youtube-clone-main\server\node_modules\mongoose\lib\query.js:4604:80)
    at process.processTicksAndRejections (node:internal/process/task_queues:104:5)
    at async handlewatchlater (file:///C:/Users/DELL/Downloads/youtube-clone-main%20(1)/youtube-clone-main/server/controllers/watchlater.js:7:33) {
  stringValue: '"xobloma98fg3ka8nlqma32095.46.06.mp4"',
  messageFormat: undefined,
  kind: 'ObjectId',
  value: 'xobloma98fg3ka8nlqma32095.46.06.mp4',
  path: 'videoid',
  reason: BSONError: input must be a 24 character hex string, 12 byte Uint8Array, or an integer
      at new ObjectId (C:\Users\DELL\Downloads\youtube-clone-main (1)\youtube-clone-main\server\node_modules\bson\lib\bson.cjs:2538:23)
      at castObjectId (C:\Users\DELL\Downloads\youtube-clone-main (1)\youtube-clone-main\server\node_modules\mongoose\lib\cast\objectid.js:25:12)
      at SchemaObjectId.cast (C:\Users\DELL\Downloads\youtube-clone-main (1)\youtube-clone-main\server\node_modules\mongoose\lib\schema\objectId.js:249:12)
      at SchemaType.applySetters (C:\Users\DELL\Downloads\youtube-clone-main (1)\youtube-clone-main\server\node_modules\mongoose\lib\schemaType.js:1255:12)
      at SchemaType.castForQuery (C:\Users\DELL\Downloads\youtube-clone-main (1)\youtube-clone-main\server\node_modules\mongoose\lib\schemaType.js:1673:17)
      at cast (C:\Users\DELL\Downloads\youtube-clone-main (1)\youtube-clone-main\server\node_modules\mongoose\lib\cast.js:390:32)
      at Query.cast (C:\Users\DELL\Downloads\youtube-clone-main (1)\youtube-clone-main\server\node_modules\mongoose\lib\query.js:5055:12)
      at Query._castConditions (C:\Users\DELL\Downloads\youtube-clone-main (1)\youtube-clone-main\server\node_modules\mongoose\lib\query.js:2351:10)
      at model.Query._findOne (C:\Users\DELL\Downloads\youtube-clone-main (1)\youtube-clone-main\server\node_modules\mongoose\lib\query.js:2674:8)
      at model.Query.exec (C:\Users\DELL\Downloads\youtube-clone-main (1)\youtube-clone-main\server\node_modules\mongoose\lib\query.js:4604:80),
  valueType: 'string'
}
 error: CastError: Cast to ObjectId failed for value "xobloma98fg3ka8nlqma32095.46.06.mp4" (type string) at path "videoid" for model "watchlater"
    at SchemaObjectId.cast (C:\Users\DELL\Downloads\youtube-clone-main (1)\youtube-clone-main\server\node_modules\mongoose\lib\schema\objectId.js:251:11)
    at SchemaType.applySetters (C:\Users\DELL\Downloads\youtube-clone-main (1)\youtube-clone-main\server\node_modules\mongoose\lib\schemaType.js:1255:12)
    at SchemaType.castForQuery (C:\Users\DELL\Downloads\youtube-clone-main (1)\youtube-clone-main\server\node_modules\mongoose\lib\schemaType.js:1673:17)
    at cast (C:\Users\DELL\Downloads\youtube-clone-main (1)\youtube-clone-main\server\node_modules\mongoose\lib\cast.js:390:32)
    at Query.cast (C:\Users\DELL\Downloads\youtube-clone-main (1)\youtube-clone-main\server\node_modules\mongoose\lib\query.js:5055:12)
    at Query._castConditions (C:\Users\DELL\Downloads\youtube-clone-main (1)\youtube-clone-main\server\node_modules\mongoose\lib\query.js:2351:10)
    at model.Query._findOne (C:\Users\DELL\Downloads\youtube-clone-main (1)\youtube-clone-main\server\node_modules\mongoose\lib\query.js:2674:8)
    at model.Query.exec (C:\Users\DELL\Downloads\youtube-clone-main (1)\youtube-clone-main\server\node_modules\mongoose\lib\query.js:4604:80)
    at process.processTicksAndRejections (node:internal/process/task_queues:104:5)
    at async handlewatchlater (file:///C:/Users/DELL/Downloads/youtube-clone-main%20(1)/youtube-clone-main/server/controllers/watchlater.js:7:33) {
  stringValue: '"xobloma98fg3ka8nlqma32095.46.06.mp4"',
  messageFormat: undefined,
  kind: 'ObjectId',
  value: 'xobloma98fg3ka8nlqma32095.46.06.mp4',
  path: 'videoid',
  reason: BSONError: input must be a 24 character hex string, 12 byte Uint8Array, or an integer
      at new ObjectId (C:\Users\DELL\Downloads\youtube-clone-main (1)\youtube-clone-main\server\node_modules\bson\lib\bson.cjs:2538:23)
      at castObjectId (C:\Users\DELL\Downloads\youtube-clone-main (1)\youtube-clone-main\server\node_modules\mongoose\lib\cast\objectid.js:25:12)
      at SchemaObjectId.cast (C:\Users\DELL\Downloads\youtube-clone-main (1)\youtube-clone-main\server\node_modules\mongoose\lib\schema\objectId.js:249:12)
      at SchemaType.applySetters (C:\Users\DELL\Downloads\youtube-clone-main (1)\youtube-clone-main\server\node_modules\mongoose\lib\schemaType.js:1255:12)
      at SchemaType.castForQuery (C:\Users\DELL\Downloads\youtube-clone-main (1)\youtube-clone-main\server\node_modules\mongoose\lib\schemaType.js:1673:17)
      at cast (C:\Users\DELL\Downloads\youtube-clone-main (1)\youtube-clone-main\server\node_modules\mongoose\lib\cast.js:390:32)
      at Query.cast (C:\Users\DELL\Downloads\youtube-clone-main (1)\youtube-clone-main\server\node_modules\mongoose\lib\query.js:5055:12)
      at Query._castConditions (C:\Users\DELL\Downloads\youtube-clone-main (1)\youtube-clone-main\server\node_modules\mongoose\lib\query.js:2351:10)
      at model.Query._findOne (C:\Users\DELL\Downloads\youtube-clone-main (1)\youtube-clone-main\server\node_modules\mongoose\lib\query.js:2674:8)
      at model.Query.exec (C:\Users\DELL\Downloads\youtube-clone-main (1)\youtube-clone-main\server\node_modules\mongoose\lib\query.js:4604:80),
  valueType: 'string'
}
 error: CastError: Cast to ObjectId failed for value "xobloma98fg3ka8nlqma32095.46.06.mp4" (type string) at path "videoid" for model "watchlater"
    at SchemaObjectId.cast (C:\Users\DELL\Downloads\youtube-clone-main (1)\youtube-clone-main\server\node_modules\mongoose\lib\schema\objectId.js:251:11)
    at SchemaType.applySetters (C:\Users\DELL\Downloads\youtube-clone-main (1)\youtube-clone-main\server\node_modules\mongoose\lib\schemaType.js:1255:12)
    at SchemaType.castForQuery (C:\Users\DELL\Downloads\youtube-clone-main (1)\youtube-clone-main\server\node_modules\mongoose\lib\schemaType.js:1673:17)
    at cast (C:\Users\DELL\Downloads\youtube-clone-main (1)\youtube-clone-main\server\node_modules\mongoose\lib\cast.js:390:32)
    at Query.cast (C:\Users\DELL\Downloads\youtube-clone-main (1)\youtube-clone-main\server\node_modules\mongoose\lib\query.js:5055:12)
    at Query._castConditions (C:\Users\DELL\Downloads\youtube-clone-main (1)\youtube-clone-main\server\node_modules\mongoose\lib\query.js:2351:10)
    at model.Query._findOne (C:\Users\DELL\Downloads\youtube-clone-main (1)\youtube-clone-main\server\node_modules\mongoose\lib\query.js:2674:8)
    at model.Query.exec (C:\Users\DELL\Downloads\youtube-clone-main (1)\youtube-clone-main\server\node_modules\mongoose\lib\query.js:4604:80)
    at process.processTicksAndRejections (node:internal/process/task_queues:104:5)
    at async handlewatchlater (file:///C:/Users/DELL/Downloads/youtube-clone-main%20(1)/youtube-clone-main/server/controllers/watchlater.js:7:33) {
  stringValue: '"xobloma98fg3ka8nlqma32095.46.06.mp4"',
  messageFormat: undefined,
  kind: 'ObjectId',
  value: 'xobloma98fg3ka8nlqma32095.46.06.mp4',
  path: 'videoid',
  reason: BSONError: input must be a 24 character hex string, 12 byte Uint8Array, or an integer
      at new ObjectId (C:\Users\DELL\Downloads\youtube-clone-main (1)\youtube-clone-main\server\node_modules\bson\lib\bson.cjs:2538:23)
      at castObjectId (C:\Users\DELL\Downloads\youtube-clone-main (1)\youtube-clone-main\server\node_modules\mongoose\lib\cast\objectid.js:25:12)
      at SchemaObjectId.cast (C:\Users\DELL\Downloads\youtube-clone-main (1)\youtube-clone-main\server\node_modules\mongoose\lib\schema\objectId.js:249:12)
      at SchemaType.applySetters (C:\Users\DELL\Downloads\youtube-clone-main (1)\youtube-clone-main\server\node_modules\mongoose\lib\schemaType.js:1255:12)
      at SchemaType.castForQuery (C:\Users\DELL\Downloads\youtube-clone-main (1)\youtube-clone-main\server\node_modules\mongoose\lib\schemaType.js:1673:17)
      at cast (C:\Users\DELL\Downloads\youtube-clone-main (1)\youtube-clone-main\server\node_modules\mongoose\lib\cast.js:390:32)
      at Query.cast (C:\Users\DELL\Downloads\youtube-clone-main (1)\youtube-clone-main\server\node_modules\mongoose\lib\query.js:5055:12)
      at Query._castConditions (C:\Users\DELL\Downloads\youtube-clone-main (1)\youtube-clone-main\server\node_modules\mongoose\lib\query.js:2351:10)
      at model.Query._findOne (C:\Users\DELL\Downloads\youtube-clone-main (1)\youtube-clone-main\server\node_modules\mongoose\lib\query.js:2674:8)
      at model.Query.exec (C:\Users\DELL\Downloads\youtube-clone-main (1)\youtube-clone-main\server\node_modules\mongoose\lib\query.js:4604:80),
  valueType: 'string'
}
